// Jest Snapshot v1, https://goo.gl/fbAQLP

exports[`Given an user service When a request to list all the users is made Then it should return the right data 1`] = `
Array [
  Object {
    "_id": 0,
    "username": "admin",
  },
]
`;
