// Jest Snapshot v1, https://goo.gl/fbAQLP

exports[`Given an user service When a request to delete an user is made Then it should return the right data 1`] = `""`;
